// Jest Snapshot v1, https://goo.gl/fbAQLP

exports[`should take a snapshot 1`] = `
<DocumentFragment>
  <div
    class="App"
    style="height: 1500px; background: white;"
  >
    <header
      class="MuiPaper-root MuiAppBar-root MuiAppBar-positionFixed MuiAppBar-colorPrimary mui-fixed MuiPaper-elevation4"
      style="background-color: transparent; box-shadow: none; padding: 10px 0px;"
    >
      <div
        class="MuiToolbar-root MuiToolbar-regular MuiToolbar-gutters"
      >
        <div
          class="header_logo"
        >
          <div
            class="font_righteous header_logo_venue"
          >
            Moshtix
          </div>
          <div
            class="header_logo_title"
          >
            a TicketMaster company
          </div>
        </div>
        <button
          aria-label="Menu"
          class="MuiButtonBase-root MuiIconButton-root MuiIconButton-colorInherit"
          data-testid="siderbar_button"
          tabindex="0"
          type="button"
        >
          <span
            class="MuiIconButton-label"
          >
            <svg
              aria-hidden="true"
              class="MuiSvgIcon-root"
              focusable="false"
              viewBox="0 0 24 24"
            >
              <path
                d="M0 0h24v24H0z"
                fill="none"
              />
              <path
                d="M3 18h18v-2H3v2zm0-5h18v-2H3v2zm0-7v2h18V6H3z"
              />
            </svg>
          </span>
          <span
            class="MuiTouchRipple-root"
          />
        </button>
      </div>
    </header>
    <div
      name="featured"
    >
      <div
        style="position: relative;"
      >
        <div
          class="carrousel_Wrapper"
          style="background: white; height: 500px; overflow: hidden;"
        >
          <div
            class="slick-slider slick-initialized"
          >
            <div
              class="slick-list"
            >
              <div
                class="slick-track"
                style="opacity: 1; transform: translate3d(0px, 0px, 0px);"
              >
                <div
                  aria-hidden="false"
                  class="slick-slide slick-active slick-current"
                  data-index="0"
                  style="outline: none; width: 0px;"
                  tabindex="-1"
                >
                  <div>
                    <div
                      style="width: 100%; display: inline-block;"
                      tabindex="-1"
                    >
                      <div
                        class="carrousel_image "
                        style="background: url(moshtix-logo.svg); height: 500px;"
                      />
                    </div>
                  </div>
                </div>
              </div>
            </div>
          </div>
        </div>
      </div>
    </div>
    <div
      name="venuefo"
    >
      <div>
        <div
          class="center_wrapper"
        >
          <div
            class="vn_wrapper"
          >
            <nav
              aria-labelledby="nested-list-subheader"
              class="MuiList-root makeStyles-root-1 MuiList-padding MuiList-subheader"
            >
              <div
                class="MuiListSubheader-root MuiListSubheader-sticky MuiListSubheader-gutters"
                id="nested-list-subheader"
              >
                menu
              </div>
              <div
                aria-disabled="false"
                class="MuiButtonBase-root MuiListItem-root MuiListItem-gutters MuiListItem-button"
                data-testid="open_button0"
                role="button"
                tabindex="0"
              >
                <div
                  class="MuiListItemIcon-root"
                >
                  <svg
                    aria-hidden="true"
                    class="MuiSvgIcon-root MuiSvgIcon-fontSizeLarge"
                    focusable="false"
                    viewBox="0 0 24 24"
                  >
                    <path
                      d="M0 0h20v20H0V0z"
                      fill="none"
                      transform="scale(1.2, 1.2)"
                    />
                    <path
                      d="M15.95 10.78c.03-.25.05-.51.05-.78s-.02-.53-.06-.78l1.69-1.32c.15-.12.19-.34.1-.51l-1.6-2.77c-.1-.18-.31-.24-.49-.18l-1.99.8c-.42-.32-.86-.58-1.35-.78L12 2.34c-.03-.2-.2-.34-.4-.34H8.4c-.2 0-.36.14-.39.34l-.3 2.12c-.49.2-.94.47-1.35.78l-1.99-.8c-.18-.07-.39 0-.49.18l-1.6 2.77c-.1.18-.06.39.1.51l1.69 1.32c-.04.25-.07.52-.07.78s.02.53.06.78L2.37 12.1c-.15.12-.19.34-.1.51l1.6 2.77c.1.18.31.24.49.18l1.99-.8c.42.32.86.58 1.35.78l.3 2.12c.04.2.2.34.4.34h3.2c.2 0 .37-.14.39-.34l.3-2.12c.49-.2.94-.47 1.35-.78l1.99.8c.18.07.39 0 .49-.18l1.6-2.77c.1-.18.06-.39-.1-.51l-1.67-1.32zM10 13c-1.65 0-3-1.35-3-3s1.35-3 3-3 3 1.35 3 3-1.35 3-3 3z"
                      transform="scale(1.2, 1.2)"
                    />
                  </svg>
                </div>
                <div
                  class="MuiListItemText-root"
                >
                  <span
                    class="MuiTypography-root MuiListItemText-primary MuiTypography-body1 MuiTypography-displayBlock"
                  >
                    Account
                  </span>
                </div>
                <svg
                  aria-hidden="true"
                  class="MuiSvgIcon-root"
                  focusable="false"
                  viewBox="0 0 24 24"
                >
                  <path
                    d="M16.59 8.59L12 13.17 7.41 8.59 6 10l6 6 6-6z"
                  />
                  <path
                    d="M0 0h24v24H0z"
                    fill="none"
                  />
                </svg>
                <span
                  class="MuiTouchRipple-root"
                />
              </div>
              <div
                aria-disabled="false"
                class="MuiButtonBase-root MuiListItem-root MuiListItem-gutters MuiListItem-button"
                data-testid="open_button1"
                role="button"
                tabindex="0"
              >
                <div
                  class="MuiListItemIcon-root"
                >
                  <svg
                    aria-hidden="true"
                    class="MuiSvgIcon-root MuiSvgIcon-fontSizeLarge"
                    focusable="false"
                    viewBox="0 0 24 24"
                  >
                    <path
                      d="M20 3h-1V1h-2v2H7V1H5v2H4c-1.1 0-2 .9-2 2v16c0 1.1.9 2 2 2h16c1.1 0 2-.9 2-2V5c0-1.1-.9-2-2-2zm0 18H4V8h16v13z"
                    />
                    <path
                      d="M0 0h24v24H0z"
                      fill="none"
                    />
                  </svg>
                </div>
                <div
                  class="MuiListItemText-root"
                >
                  <span
                    class="MuiTypography-root MuiListItemText-primary MuiTypography-body1 MuiTypography-displayBlock"
                  >
                    Design
                  </span>
                </div>
                <svg
                  aria-hidden="true"
                  class="MuiSvgIcon-root"
                  focusable="false"
                  viewBox="0 0 24 24"
                >
                  <path
                    d="M16.59 8.59L12 13.17 7.41 8.59 6 10l6 6 6-6z"
                  />
                  <path
                    d="M0 0h24v24H0z"
                    fill="none"
                  />
                </svg>
                <span
                  class="MuiTouchRipple-root"
                />
              </div>
              <div
                aria-disabled="false"
                class="MuiButtonBase-root MuiListItem-root MuiListItem-gutters MuiListItem-button"
                data-testid="open_button2"
                role="button"
                tabindex="0"
              >
                <div
                  class="MuiListItemIcon-root"
                >
                  <svg
                    aria-hidden="true"
                    class="MuiSvgIcon-root MuiSvgIcon-fontSizeLarge"
                    focusable="false"
                    viewBox="0 0 24 24"
                  >
                    <path
                      d="M19 3H4.99c-1.11 0-1.98.9-1.98 2L3 19c0 1.1.88 2 1.99 2H19c1.1 0 2-.9 2-2V5c0-1.1-.9-2-2-2zm0 12h-4c0 1.66-1.35 3-3 3s-3-1.34-3-3H4.99V5H19v10zm-3-5h-2V7h-4v3H8l4 4 4-4z"
                    />
                    <path
                      d="M0 0h24v24H0V0z"
                      fill="none"
                    />
                  </svg>
                </div>
                <div
                  class="MuiListItemText-root"
                >
                  <span
                    class="MuiTypography-root MuiListItemText-primary MuiTypography-body1 MuiTypography-displayBlock"
                  >
                    Content
                  </span>
                </div>
                <svg
                  aria-hidden="true"
                  class="MuiSvgIcon-root"
                  focusable="false"
                  viewBox="0 0 24 24"
                >
                  <path
                    d="M16.59 8.59L12 13.17 7.41 8.59 6 10l6 6 6-6z"
                  />
                  <path
                    d="M0 0h24v24H0z"
                    fill="none"
                  />
                </svg>
                <span
                  class="MuiTouchRipple-root"
                />
              </div>
              <div
                aria-disabled="false"
                class="MuiButtonBase-root MuiListItem-root MuiListItem-gutters MuiListItem-button"
                data-testid="open_button3"
                role="button"
                tabindex="0"
              >
                <div
                  class="MuiListItemIcon-root"
                >
                  <svg
                    aria-hidden="true"
                    class="MuiSvgIcon-root MuiSvgIcon-fontSizeLarge"
                    focusable="false"
                    viewBox="0 0 24 24"
                  >
                    <path
                      d="M0 0h24v24H0z"
                      fill="none"
                    />
                    <path
                      d="M17 4h3v16h-3zM5 14h3v6H5zm6-5h3v11h-3z"
                    />
                  </svg>
                </div>
                <div
                  class="MuiListItemText-root"
                >
                  <span
                    class="MuiTypography-root MuiListItemText-primary MuiTypography-body1 MuiTypography-displayBlock"
                  >
                    Reporting
                  </span>
                </div>
                <svg
                  aria-hidden="true"
                  class="MuiSvgIcon-root"
                  focusable="false"
                  viewBox="0 0 24 24"
                >
                  <path
                    d="M16.59 8.59L12 13.17 7.41 8.59 6 10l6 6 6-6z"
                  />
                  <path
                    d="M0 0h24v24H0z"
                    fill="none"
                  />
                </svg>
                <span
                  class="MuiTouchRipple-root"
                />
              </div>
            </nav>
          </div>
        </div>
      </div>
    </div>
    <div
      name="highlights"
    >
      <div
        class="highlight_wrapper"
      >
        <div
          class="center_wrapper"
        >
          <div
            class="discount_wrapper"
          >
            <div
              class="react-reveal discount_porcentage"
              style="opacity: 1;"
            >
              <span>
                0%
              </span>
              <span>
                OFF
              </span>
            </div>
            <div
              class="react-reveal discount_description"
              style="opacity: 1;"
            >
              <h3>
                purchse the tickets from 20th
              </h3>
              <p>
                Description
              </p>
              <div>
                <a
                  aria-disabled="false"
                  class="MuiButtonBase-root MuiButton-root MuiButton-contained MuiButton-containedSizeSmall MuiButton-sizeSmall"
                  href="#"
                  style="background: rgb(255, 168, 0);"
                  tabindex="0"
                >
                  <span
                    class="MuiButton-label"
                  >
                    <img
                      alt="icon_button"
                      class="iconImage"
                      src="ticket.png"
                    />
                    Purchase tickets
                  </span>
                  <span
                    class="MuiTouchRipple-root"
                  />
                </a>
              </div>
            </div>
          </div>
        </div>
      </div>
    </div>
    <div
      name="pricing"
    >
      <div
        class="bck_black"
      >
        <div
          class="center_wrapper pricing_section"
        >
          <h2>
            Pricing
          </h2>
          <div
            class="pricing_wrapper"
          >
            <div
              class="react-reveal pricing_item"
              style="opacity: 1;"
            >
              <div
                class="pricing_inner_wrapper"
              >
                <div
                  class="pricing_title"
                >
                  <span>
                    $100
                  </span>
                  <span>
                    Balcony
                  </span>
                </div>
                <div
                  class="pricing_description"
                >
                  sssss
                </div>
                <div
                  class="pricing_buttons"
                >
                  <a
                    aria-disabled="false"
                    class="MuiButtonBase-root MuiButton-root MuiButton-contained MuiButton-containedSizeSmall MuiButton-sizeSmall"
                    href="#"
                    style="background: rgb(255, 168, 0); color: rgb(255, 255, 255);"
                    tabindex="0"
                  >
                    <span
                      class="MuiButton-label"
                    >
                      <img
                        alt="icon_button"
                        class="iconImage"
                        src="ticket.png"
                      />
                      purchase
                    </span>
                    <span
                      class="MuiTouchRipple-root"
                    />
                  </a>
                </div>
              </div>
            </div>
            <div
              class="react-reveal pricing_item"
              style="opacity: 1;"
            >
              <div
                class="pricing_inner_wrapper"
              >
                <div
                  class="pricing_title"
                >
                  <span>
                    $150
                  </span>
                  <span>
                    Medium
                  </span>
                </div>
                <div
                  class="pricing_description"
                >
                  llllll
                </div>
                <div
                  class="pricing_buttons"
                >
                  <a
                    aria-disabled="false"
                    class="MuiButtonBase-root MuiButton-root MuiButton-contained MuiButton-containedSizeSmall MuiButton-sizeSmall"
                    href="#"
                    style="background: rgb(255, 168, 0); color: rgb(255, 255, 255);"
                    tabindex="0"
                  >
                    <span
                      class="MuiButton-label"
                    >
                      <img
                        alt="icon_button"
                        class="iconImage"
                        src="ticket.png"
                      />
                      purchase
                    </span>
                    <span
                      class="MuiTouchRipple-root"
                    />
                  </a>
                </div>
              </div>
            </div>
            <div
              class="react-reveal pricing_item"
              style="opacity: 1;"
            >
              <div
                class="pricing_inner_wrapper"
              >
                <div
                  class="pricing_title"
                >
                  <span>
                    $250
                  </span>
                  <span>
                    Star
                  </span>
                </div>
                <div
                  class="pricing_description"
                >
                  mmmmmm
                </div>
                <div
                  class="pricing_buttons"
                >
                  <a
                    aria-disabled="false"
                    class="MuiButtonBase-root MuiButton-root MuiButton-contained MuiButton-containedSizeSmall MuiButton-sizeSmall"
                    href="#"
                    style="background: rgb(255, 168, 0); color: rgb(255, 255, 255);"
                    tabindex="0"
                  >
                    <span
                      class="MuiButton-label"
                    >
                      <img
                        alt="icon_button"
                        class="iconImage"
                        src="ticket.png"
                      />
                      purchase
                    </span>
                    <span
                      class="MuiTouchRipple-root"
                    />
                  </a>
                </div>
              </div>
            </div>
          </div>
        </div>
      </div>
    </div>
    <footer
      class="bck_black"
    >
      <div
        class="react-reveal font_righteous footer_logo_venue"
        style="opacity: 1;"
      >
        Moshtix
      </div>
      <div
        class="react-reveal footer_copyright"
        style="opacity: 1;"
      >
        The venue 2021
      </div>
    </footer>
  </div>
</DocumentFragment>
`;
